reading symbolic information ...
[using memory image in strings.core]
abort() at 0xc3
f(s = "parameter test"), line 15 in "strings.c"
main(0x1, 0x7fffe994, 0x7fffe99c), line 9 in "strings.c"
"this is a test" 

